---
source: tests/tests/authentication/login.rs
expression: response.headers()
---
"HTTP/1.1 401 Unauthorized\nContent-Type: application/problem+json\nServer: Rocket"
