---
source: tests/tests/authentication/register.rs
expression: response.headers()
---
"HTTP/1.1 422 Unprocessable Entity\nContent-Type: application/problem+json\nServer: Rocket"
