---
source: tests/integration_tests.rs
expression: response.headers()
---
"HTTP/1.1 404 Not Found\ncontent-type: application/problem+json"
