---
source: tests/integration_tests.rs
expression: response.headers()
---
"HTTP/1.1 204 No Content\n"
