---
source: tests/integration/health.rs
expression: response.headers()
---
HTTP/1.1 200 OK
content-type: application/json
