---
source: tests/integration/health.rs
expression: response.to_json().unwrap()
---
{
  "components": {
    "db": {
      "healthy": true
    }
  },
  "healthy": true
}
