---
source: tests/tests/users/register.rs
expression: response.to_json().unwrap()
---
{
  "fields": {
    "username": {
      "title": "The required field was missing",
      "type": "tag:multiverse,2020:problems/validation_error/missing"
    }
  },
  "status": 422,
  "title": "A validation error occurred",
  "type": "tag:multiverse,2020:problems/validation_error"
}
