---
source: tests/tests/users/get_user.rs
expression: response.to_json().unwrap()
---
{
  "avatar_url": "http://example.com/avatar",
  "display_name": "display name",
  "username": "username"
}
