---
source: tests/tests/users/get_user_by_username.rs
expression: response.headers()
---
"HTTP/1.1 200 OK\nContent-Type: application/json\nServer: Rocket"
