---
source: tests/tests/users/get_user_by_username.rs
expression: response.to_json().unwrap()
---
{
  "avatar_url": "http://example.com/known",
  "display_name": "known",
  "email_address": "known@example.com",
  "username": "known"
}
