---
source: tests/tests/users/get_user_by_username.rs
expression: response.to_json().unwrap()
---
{
  "avatar_url": "http://example.com/!@#$%^&*()_",
  "display_name": "!@#$%^&*()_",
  "email_address": "!@#$%^&*()_@example.com",
  "username": "!@#$%^&*()_"
}
