---
source: tests/integration/users/lookup_username.rs
expression: response.headers()
---
HTTP/1.1 404 Not Found
content-type: application/problem+json
