---
source: tests/tests/health.rs
expression: response.headers()
---
"HTTP/1.1 200 OK\ncontent-type: application/json"
